secret_type,secret_type_display_name,secret,path,start_line,end_line,start_column,end_column
"django_secret_key","Django Secret Key","fa0417793c67e8d9d29e6bc4f6cf1921fe161175c74f3ca0db1f42932218c200","configs/django/settings.py","3","3","15","33",
"django_secret_key","Django Secret Key","54db0de80e3ae79d07f98e12af49746e2843698f14d05dd9cf9ba7a98bcda680","configs/django/settings.py","2","2","15","33",
"django_secret_key","Django Secret Key","b6d52772ab642ce96361ca02bfc467ff9dbe90f86d98dde035d4b6f66b48c8bc","configs/django/settings.py","3","3","15","33",
