secret_type,secret_type_display_name,secret,path,start_line,end_line,start_column,end_column
