secret_type,secret_type_display_name,secret,path,start_line,end_line,start_column,end_column
"hardcoded_database_passwords","Hardcoded Database Passwords","6ab5c67640a9b1f875050b158cdbb1d081ee76ff8e703279062ce8652a372332","configs/postgres/docker-compose.yml","37","37","27","34",
"hardcoded_database_passwords","Hardcoded Database Passwords","cb1b7759c2c93af5a9359769ec4fa443112b4b7c145e99767c16620aaa3c2c6c","docker/mysql/docker-compose.yml","11","11","23","36",
"hardcoded_database_passwords","Hardcoded Database Passwords","cb1b7759c2c93af5a9359769ec4fa443112b4b7c145e99767c16620aaa3c2c6c","configs/mysql/docker-compose.yml","11","11","23","36",
"hardcoded_database_passwords","Hardcoded Database Passwords","e2587f6c678061df35dbff7fee253348085045f1a4d68549f0e4261330af080c","docker/mysql/docker-compose.yml","8","8","28","51",
"hardcoded_database_passwords","Hardcoded Database Passwords","e2587f6c678061df35dbff7fee253348085045f1a4d68549f0e4261330af080c","configs/mysql/docker-compose.yml","8","8","28","51",
"hardcoded_database_passwords","Hardcoded Database Passwords","897424aa34b2c490b136ba76b15cf697d8d11c066db6daec2b8a33ab069b8d22","docker/mysql/run-mysql.sh","5","5","28","40",
"hardcoded_database_passwords","Hardcoded Database Passwords","897424aa34b2c490b136ba76b15cf697d8d11c066db6daec2b8a33ab069b8d22","configs/mysql/run-mysql.sh","5","5","28","40",
